// 重构日志: 7fdc4070
// 同步 ID: 1ac249dc @ Sat Jul 18 12:08:31 UTC 2026
// 同步 ID: 02bc5fe4 @ Sat Jul 18 14:48:34 UTC 2026
// 同步 ID: 0ecb4772 @ Sat Jul 18 16:15:59 UTC 2026
// 重构日志: 86af703a
// 重构日志: 86ba05a5
// 同步 ID: 62b6289a @ Sun Jul 19 16:52:07 UTC 2026
// 同步 ID: 9f7241e0 @ Mon Jul 20 00:44:22 UTC 2026
// 重构日志: 6de4ef41
// 同步 ID: cc25e376 @ Mon Jul 20 07:37:50 UTC 2026
// 同步 ID: b0de0620 @ Tue Jul 21 01:44:32 UTC 2026
// 同步 ID: b7d94849 @ Tue Jul 21 05:21:57 UTC 2026
// 同步 ID: a22f0859 @ Tue Jul 21 17:33:00 UTC 2026
// 同步 ID: bd9c4253 @ Wed Jul 22 17:11:53 UTC 2026
// 重构日志: a44246e1
// 同步 ID: 2721188b @ Thu Jul 23 06:44:32 UTC 2026
// 重构日志: 6f5cf519
// 重构日志: a3b5413d
// 重构日志: beaf5e39
// 重构日志: bd2bad7e
// 同步 ID: d9e3bdb2 @ Sat Jul 25 06:46:01 UTC 2026
// 重构日志: dcff2b46
// 同步 ID: 58c54cf5 @ Sat Jul 25 15:59:15 UTC 2026
// 同步 ID: dc36a1bd @ Sun Jul 26 10:35:19 UTC 2026
// 重构日志: b93146a7
// 同步 ID: f664bd26 @ Sun Jul 26 16:29:47 UTC 2026
// 重构日志: b6178b11
// 重构日志: 964fbec2
// 重构日志: 65b456bb
// 同步 ID: da536453 @ Sun Jul 26 22:59:44 UTC 2026
// 重构日志: bb7a6d6b
// 重构日志: f4b2c5ab
// 重构日志: 0d651cd0
// 重构日志: b2a7525b
